#-----------------------------------------------------------
# xsim v2018.1 (64-bit)
# SW Build 2188600 on Wed Apr  4 18:40:38 MDT 2018
# IP Build 2185939 on Wed Apr  4 20:55:05 MDT 2018
# Start of session at: Wed Aug 19 10:52:22 2026
# Process ID: 14712
# Current directory: C:/Users/prave/shift_register/sim/results
# Command line: xsim.exe -mode tcl -source {xsim.dir/shift_register_tb_sim/xsim_script.tcl}
# Log file: C:/Users/prave/shift_register/sim/results/xsim.log
# Journal file: C:/Users/prave/shift_register/sim/results\xsim.jou
#-----------------------------------------------------------
source xsim.dir/shift_register_tb_sim/xsim_script.tcl
# xsim {shift_register_tb_sim} -autoloadwcfg -runall
Vivado Simulator 2018.1
Time resolution is 1 ps
run -all
PASS: Test 1 Reset
FAIL: Test 2 Parallel Load - parallel_out = 0, expected A5
INFO: Test 3 Serial Shift - parallel_out = 1
PASS: Test 4 Hold
FAIL: Test 5 Reload - parallel_out = 2, expected 3C
----------------------------------------
TESTS RUN: 5, ERRORS: 2
RESULT: SOME TESTS FAILED
----------------------------------------
$finish called at time : 140 ns : File "C:/Users/prave/shift_register/tb/shift_register_tb.sv" Line 137
exit
INFO: [Common 17-206] Exiting xsim at Wed Aug 19 10:52:34 2026...
